// Jest Snapshot v1, https://goo.gl/fbAQLP

exports[`kosko generate --prod 1`] = `
"---
metadata:
  annotations:
    app.gitlab.com/app: socialgouv-www
    app.gitlab.com/env: prod2
    app.gitlab.com/env.name: prod2
  labels:
    app: www
    application: www
    owner: www
    team: www
    component: nginx
  name: www
  namespace: www
spec:
  replicas: 1
  selector:
    matchLabels:
      app: www
  template:
    metadata:
      annotations:
        app.gitlab.com/app: socialgouv-www
        app.gitlab.com/env: prod2
        app.gitlab.com/env.name: prod2
      labels:
        app: www
        application: www
        owner: www
        team: www
        component: nginx
    spec:
      containers:
        - image: harbor.fabrique.social.gouv.fr/fabrique/www:1.2.3
          livenessProbe:
            failureThreshold: 6
            httpGet:
              path: /index.html
              port: http
            initialDelaySeconds: 30
            periodSeconds: 5
            timeoutSeconds: 5
          name: www
          ports:
            - containerPort: 80
              name: http
          readinessProbe:
            failureThreshold: 15
            httpGet:
              path: /index.html
              port: http
            initialDelaySeconds: 0
            periodSeconds: 5
            successThreshold: 1
            timeoutSeconds: 1
          resources:
            limits:
              cpu: 500m
              memory: 128Mi
            requests:
              cpu: 5m
              memory: 32Mi
          startupProbe:
            failureThreshold: 12
            httpGet:
              path: /index.html
              port: http
            periodSeconds: 5
apiVersion: apps/v1
kind: Deployment
---
metadata:
  labels:
    app: www
    application: www
    owner: www
    team: www
  name: www
  annotations:
    app.gitlab.com/app: socialgouv-www
    app.gitlab.com/env: prod2
    app.gitlab.com/env.name: prod2
  namespace: www
spec:
  ports:
    - name: http
      port: 80
      targetPort: 80
  selector:
    app: www
  type: ClusterIP
apiVersion: v1
kind: Service
---
metadata:
  annotations:
    kubernetes.io/ingress.class: nginx
    certmanager.k8s.io/cluster-issuer: letsencrypt-prod
    kubernetes.io/tls-acme: 'true'
    app.gitlab.com/app: socialgouv-www
    app.gitlab.com/env: prod2
    app.gitlab.com/env.name: prod2
  labels:
    app: www
    application: www
    owner: www
    team: www
  name: www
  namespace: www
spec:
  rules:
    - host: www.fabrique.social.gouv.fr
      http:
        paths:
          - backend:
              serviceName: www
              servicePort: 80
            path: /
  tls:
    - hosts:
        - www.fabrique.social.gouv.fr
      secretName: www-crt
apiVersion: extensions/v1beta1
kind: Ingress
"
`;
